// Jest Snapshot v1, https://goo.gl/fbAQLP

exports[`arianeeAccessToken decodeJWTWithoutValidation should decode an non aat jwt 1`] = `
{
  "header": {
    "alg": "HS256",
    "typ": "JWT",
  },
  "payload": {
    "iat": 1516239022,
    "name": "John Doe",
    "sub": "1234567890",
  },
  "prefix": "",
  "signature": "SflKxwRJSMeKKF2QT4fwpMeJf36POk6yJV_adQssw5c",
}
`;

exports[`arianeeAccessToken should generate a valid aat 1`] = `"eyJ0eXAiOiJKV1QiLCJhbGciOiJzZWNwMjU2azEifQ==.eyJpc3MiOiIweDc2OTFlMDcwNUMyRThlRDc5MzY2QjA2N2Q1ZkNBRmE4OUFBMDdGODgiLCJzdWIiOiJ3YWxsZXQiLCJleHAiOjAsImlhdCI6MH0=.0x6ec31d56cb6ec7ff9cf9c04f16c4bdc75b9b1d1b35d1940f20b3e905e162600b67a1970f537b9ae8c26c1f05a93913d13d599923880f71ed1198b331593bd8f81b"`;
